// Jest Snapshot v1, https://goo.gl/fbAQLP

exports[`The Monitoring stack matches the snapshot 1`] = `
{
  "Metadata": {
    "gu:cdk:constructs": [
      "GuDistributionBucketParameter",
      "GuLambdaFunction",
    ],
    "gu:cdk:version": "TEST",
  },
  "Parameters": {
    "DistributionBucketName": {
      "Default": "/account/services/artifact.bucket",
      "Description": "SSM parameter containing the S3 bucket name holding distribution artifacts",
      "Type": "AWS::SSM::Parameter::Value<String>",
    },
  },
  "Resources": {
    "cmpmonitoring2CD05B94": {
      "DependsOn": [
        "cmpmonitoringServiceRoleDefaultPolicy19C1C252",
        "cmpmonitoringServiceRole3F7FDCEC",
      ],
      "Properties": {
        "Code": {
          "S3Bucket": {
            "Ref": "DistributionBucketName",
          },
          "S3Key": "cmp-monitoring/PROD/cmp-monitoring-lambda-eu-west-1/cmp-monitoring-lambda.zip",
        },
        "Environment": {
          "Variables": {
            "APP": "cmp-monitoring-lambda-eu-west-1",
            "STACK": "cmp-monitoring",
            "STAGE": "PROD",
          },
        },
        "FunctionName": "cmp-monitoring-PROD",
        "Handler": "index.handler",
        "LoggingConfig": {
          "LogFormat": "JSON",
        },
        "MemorySize": 2048,
        "Role": {
          "Fn::GetAtt": [
            "cmpmonitoringServiceRole3F7FDCEC",
            "Arn",
          ],
        },
        "Runtime": "nodejs18.x",
        "RuntimeManagementConfig": {
          "UpdateRuntimeOn": "FunctionUpdate",
        },
        "Tags": [
          {
            "Key": "App",
            "Value": "cmp-monitoring-lambda-eu-west-1",
          },
          {
            "Key": "gu:cdk:version",
            "Value": "TEST",
          },
          {
            "Key": "gu:repo",
            "Value": "guardian/consent-management-platform",
          },
          {
            "Key": "Stack",
            "Value": "cmp-monitoring",
          },
          {
            "Key": "Stage",
            "Value": "PROD",
          },
        ],
        "Timeout": 300,
      },
      "Type": "AWS::Lambda::Function",
    },
    "cmpmonitoringServiceRole3F7FDCEC": {
      "Properties": {
        "AssumeRolePolicyDocument": {
          "Statement": [
            {
              "Action": "sts:AssumeRole",
              "Effect": "Allow",
              "Principal": {
                "Service": "lambda.amazonaws.com",
              },
            },
          ],
          "Version": "2012-10-17",
        },
        "ManagedPolicyArns": [
          {
            "Fn::Join": [
              "",
              [
                "arn:",
                {
                  "Ref": "AWS::Partition",
                },
                ":iam::aws:policy/service-role/AWSLambdaBasicExecutionRole",
              ],
            ],
          },
        ],
        "Tags": [
          {
            "Key": "App",
            "Value": "cmp-monitoring-lambda-eu-west-1",
          },
          {
            "Key": "gu:cdk:version",
            "Value": "TEST",
          },
          {
            "Key": "gu:repo",
            "Value": "guardian/consent-management-platform",
          },
          {
            "Key": "Stack",
            "Value": "cmp-monitoring",
          },
          {
            "Key": "Stage",
            "Value": "PROD",
          },
        ],
      },
      "Type": "AWS::IAM::Role",
    },
    "cmpmonitoringServiceRoleDefaultPolicy19C1C252": {
      "Properties": {
        "PolicyDocument": {
          "Statement": [
            {
              "Action": "cloudwatch:PutMetricData",
              "Effect": "Allow",
              "Resource": "*",
            },
            {
              "Action": [
                "s3:GetObject*",
                "s3:GetBucket*",
                "s3:List*",
              ],
              "Effect": "Allow",
              "Resource": [
                {
                  "Fn::Join": [
                    "",
                    [
                      "arn:",
                      {
                        "Ref": "AWS::Partition",
                      },
                      ":s3:::",
                      {
                        "Ref": "DistributionBucketName",
                      },
                    ],
                  ],
                },
                {
                  "Fn::Join": [
                    "",
                    [
                      "arn:",
                      {
                        "Ref": "AWS::Partition",
                      },
                      ":s3:::",
                      {
                        "Ref": "DistributionBucketName",
                      },
                      "/cmp-monitoring/PROD/cmp-monitoring-lambda-eu-west-1/cmp-monitoring-lambda.zip",
                    ],
                  ],
                },
              ],
            },
            {
              "Action": "ssm:GetParametersByPath",
              "Effect": "Allow",
              "Resource": {
                "Fn::Join": [
                  "",
                  [
                    "arn:aws:ssm:",
                    {
                      "Ref": "AWS::Region",
                    },
                    ":",
                    {
                      "Ref": "AWS::AccountId",
                    },
                    ":parameter/PROD/cmp-monitoring/cmp-monitoring-lambda-eu-west-1",
                  ],
                ],
              },
            },
            {
              "Action": [
                "ssm:GetParameters",
                "ssm:GetParameter",
              ],
              "Effect": "Allow",
              "Resource": {
                "Fn::Join": [
                  "",
                  [
                    "arn:aws:ssm:",
                    {
                      "Ref": "AWS::Region",
                    },
                    ":",
                    {
                      "Ref": "AWS::AccountId",
                    },
                    ":parameter/PROD/cmp-monitoring/cmp-monitoring-lambda-eu-west-1/*",
                  ],
                ],
              },
            },
          ],
          "Version": "2012-10-17",
        },
        "PolicyName": "cmpmonitoringServiceRoleDefaultPolicy19C1C252",
        "Roles": [
          {
            "Ref": "cmpmonitoringServiceRole3F7FDCEC",
          },
        ],
      },
      "Type": "AWS::IAM::Policy",
    },
    "cmpmonitoringalarms68497862": {
      "Properties": {
        "ActionsEnabled": true,
        "AlarmActions": [
          {
            "Ref": "internalEmailRecipientA4594AC9",
          },
        ],
        "AlarmDescription": "This alarm is triggered if 4 out of 5 lambda executions fail in eu-west-1",
        "AlarmName": "CMP Monitoring - PROD - eu-west-1",
        "ComparisonOperator": "GreaterThanOrEqualToThreshold",
        "DatapointsToAlarm": 4,
        "Dimensions": [
          {
            "Name": "FunctionName",
            "Value": {
              "Ref": "cmpmonitoring2CD05B94",
            },
          },
        ],
        "EvaluationPeriods": 5,
        "MetricName": "Errors",
        "Namespace": "AWS/Lambda",
        "OKActions": [
          {
            "Ref": "internalEmailRecipientA4594AC9",
          },
        ],
        "Period": 120,
        "Statistic": "Sum",
        "Tags": [
          {
            "Key": "gu:cdk:version",
            "Value": "TEST",
          },
          {
            "Key": "gu:repo",
            "Value": "guardian/consent-management-platform",
          },
          {
            "Key": "Stack",
            "Value": "cmp-monitoring",
          },
          {
            "Key": "Stage",
            "Value": "PROD",
          },
        ],
        "Threshold": 1,
        "TreatMissingData": "notBreaching",
      },
      "Type": "AWS::CloudWatch::Alarm",
    },
    "cmpmonitoringscheduleAllowEventRuleCmpMonitoringStackcmpmonitoring0A19AA24A7F368FB": {
      "Properties": {
        "Action": "lambda:InvokeFunction",
        "FunctionName": {
          "Fn::GetAtt": [
            "cmpmonitoring2CD05B94",
            "Arn",
          ],
        },
        "Principal": "events.amazonaws.com",
        "SourceArn": {
          "Fn::GetAtt": [
            "cmpmonitoringscheduleFB1DBC53",
            "Arn",
          ],
        },
      },
      "Type": "AWS::Lambda::Permission",
    },
    "cmpmonitoringscheduleFB1DBC53": {
      "Properties": {
        "ScheduleExpression": "rate(2 minutes)",
        "State": "ENABLED",
        "Targets": [
          {
            "Arn": {
              "Fn::GetAtt": [
                "cmpmonitoring2CD05B94",
                "Arn",
              ],
            },
            "Id": "Target0",
            "Input": "{"stage":"PROD","region":"eu-west-1"}",
          },
        ],
      },
      "Type": "AWS::Events::Rule",
    },
    "internalEmailRecipientA4594AC9": {
      "Properties": {
        "Tags": [
          {
            "Key": "gu:cdk:version",
            "Value": "TEST",
          },
          {
            "Key": "gu:repo",
            "Value": "guardian/consent-management-platform",
          },
          {
            "Key": "Stack",
            "Value": "cmp-monitoring",
          },
          {
            "Key": "Stage",
            "Value": "PROD",
          },
        ],
      },
      "Type": "AWS::SNS::Topic",
    },
    "internalEmailRecipienttransparencyandconsentguardiancoukAC07DD37": {
      "Properties": {
        "Endpoint": "transparency.and.consent@guardian.co.uk",
        "Protocol": "email",
        "TopicArn": {
          "Ref": "internalEmailRecipientA4594AC9",
        },
      },
      "Type": "AWS::SNS::Subscription",
    },
  },
}
`;
